#
# A fatal error has been detected by the Java Runtime Environment:
#
#  EXCEPTION_ACCESS_VIOLATION (0xc0000005) at pc=0x00007ffeddbab309, pid=26216, tid=6564
#
# JRE version: OpenJDK Runtime Environment Temurin-21.0.6+7 (21.0.6+7) (build 21.0.6+7-LTS)
# Java VM: OpenJDK 64-Bit Server VM Temurin-21.0.6+7 (21.0.6+7-LTS, mixed mode, sharing, tiered, compressed oops, compressed class ptrs, g1 gc, windows-amd64)
# Problematic frame:
# C  [awt.dll+0xdb309]
#
# No core dump will be written. Minidumps are not enabled by default on client versions of Windows
#
# If you would like to submit a bug report, please visit:
#   https://github.com/adoptium/adoptium-support/issues
# The crash happened outside the Java Virtual Machine in native code.
# See problematic frame for where to report the bug.
#

---------------  S U M M A R Y ------------

Command Line: -ea -agentlib:jdwp=transport=dt_shmem,address=javadebug -Dfile.encoding=UTF-8 bluej.runtime.ExecServer UTF-8

Host: AMD Ryzen 5 PRO 3500U w/ Radeon Vega Mobile Gfx, 8 cores, 9G,  Windows 11 , 64 bit Build 26100 (10.0.26100.7920)
Time: Wed May  6 16:46:31 2026 Est (heure d, 64 bit Build 26100 (10.0.26100.7920) elapsed time: 19376.672339 seconds (0d 5h 22m 56s)

---------------  T H R E A D  ---------------

Current thread (0x000001e376cb1550):  JavaThread "AWT-Windows" daemon [_thread_in_native, id=6564, stack(0x00000072f4100000,0x00000072f4200000) (1024K)]

Stack: [0x00000072f4100000,0x00000072f4200000],  sp=0x00000072f41fe0b0,  free space=1016k
Native frames: (J=compiled Java code, j=interpreted, Vv=VM code, C=native code)
C  [awt.dll+0xdb309]

Java frames: (J=compiled Java code, j=interpreted, Vv=VM code)
j  sun.java2d.d3d.D3DGraphicsDevice.getDeviceCapsNative(I)I+0 java.desktop@21.0.6
j  sun.java2d.d3d.D3DGraphicsDevice$1.run()V+8 java.desktop@21.0.6
v  ~StubRoutines::call_stub 0x000001e368eb100d
j  sun.awt.windows.WToolkit.eventLoop()V+0 java.desktop@21.0.6
j  sun.awt.windows.WToolkit.run()V+50 java.desktop@21.0.6
j  java.lang.Thread.runWith(Ljava/lang/Object;Ljava/lang/Runnable;)V+5 java.base@21.0.6
j  java.lang.Thread.run()V+19 java.base@21.0.6
v  ~StubRoutines::call_stub 0x000001e368eb100d

siginfo: EXCEPTION_ACCESS_VIOLATION (0xc0000005), reading address 0x0000000002100029


Registers:
RAX=0x0000000002100001, RBX=0x000001e3769afc50, RCX=0x0000000000000000, RDX=0x0000000000000000
RSP=0x00000072f41fe0b0, RBP=0x000001e37b05f9a0, RSI=0x00000072f41fe630, RDI=0x0000000000000000
R8 =0x0000000000000001, R9 =0x00000072f258e000, R10=0x000001e368ec0787, R11=0x000000076ab537f8
R12=0x0000000000000000, R13=0x000001e3772a0740, R14=0x00000072f41fe1d8, R15=0x000001e376cb1550
RIP=0x00007ffeddbab309, EFLAGS=0x0000000000010246

XMM[0]=0x0000000000000000 0x0000000000000000
XMM[1]=0x0000000000000000 0x0000000000000000
XMM[2]=0x006e006b006e0055 0x00220020004c004c
XMM[3]=0x0069006100660020 0x0022006e0077006f
XMM[4]=0x0068007400690077 0x002000640065006c
XMM[5]=0x7465675f65636976 0x6544736369687061
XMM[6]=0x0000000000000000 0x0000000000000000
XMM[7]=0x0000000000000000 0x0000000000000000
XMM[8]=0x0000000000000000 0x0000000000000000
XMM[9]=0x0000000000000000 0x0000000000000000
XMM[10]=0x0000000000000000 0x0000000000000000
XMM[11]=0x0000000000000000 0x0000000000000000
XMM[12]=0x0000000000000000 0x0000000000000000
XMM[13]=0x0000000000000000 0x0000000000000000
XMM[14]=0x0000000000000000 0x0000000000000000
XMM[15]=0x0000000000000000 0x0000000000000000
  MXCSR=0x00001fa0


Register to memory mapping:

RAX=0x0000000002100001 is an unknown value
RBX=0x000001e3769afc50 points into unknown readable memory: 0x000001e376c852f0 | f0 52 c8 76 e3 01 00 00
RCX=0x0 is null
RDX=0x0 is null
RSP=0x00000072f41fe0b0 is pointing into the stack for thread: 0x000001e376cb1550
RBP=0x000001e37b05f9a0 points into unknown readable memory: 0x000001e300000001 | 01 00 00 00 e3 01 00 00
RSI=0x00000072f41fe630 is pointing into the stack for thread: 0x000001e376cb1550
RDI=0x0 is null
R8 =0x0000000000000001 is an unknown value
R9 =0x00000072f258e000 points into unknown readable memory: 0x0000000000000000 | 00 00 00 00 00 00 00 00
R10=0x000001e368ec0787 is at code_begin+1927 in an Interpreter codelet
native method entry point (kind = native)  [0x000001e368ec0000, 0x000001e368ec1238]  4664 bytes
R11=0x000000076ab537f8 is an oop: java.lang.Class 
{0x000000076ab537f8} - klass: 'java/lang/Class'
 - ---- fields (total size 15 words):
 - private volatile transient 'classRedefinedCount' 'I' @12  0 (0x00000000)
 - injected 'klass' 'J' @16  2074486496496 (0x000001e30107dcf0)
 - injected 'array_klass' 'J' @24  0 (0x0000000000000000)
 - injected 'oop_size' 'I' @32  15 (0x0000000f)
 - injected 'static_oop_field_count' 'I' @36  0 (0x00000000)
 - private volatile transient 'cachedConstructor' 'Ljava/lang/reflect/Constructor;' @40  null (0x00000000)
 - private transient 'name' 'Ljava/lang/String;' @44  null (0x00000000)
 - private transient 'module' 'Ljava/lang/Module;' @48  a 'java/lang/Module'{0x000000076bdcfdb8} (0xed7b9fb7)
 - private final 'classLoader' 'Ljava/lang/ClassLoader;' @52  null (0x00000000)
 - private transient 'classData' 'Ljava/lang/Object;' @56  null (0x00000000)
 - private transient 'packageName' 'Ljava/lang/String;' @60  null (0x00000000)
 - private final 'componentType' 'Ljava/lang/Class;' @64  null (0x00000000)
 - private volatile transient 'reflectionData' 'Ljava/lang/ref/SoftReference;' @68  null (0x00000000)
 - private volatile transient 'genericInfo' 'Lsun/reflect/generics/repository/ClassRepository;' @72  null (0x00000000)
 - private volatile transient 'enumConstants' '[Ljava/lang/Object;' @76  null (0x00000000)
 - private volatile transient 'enumConstantDirectory' 'Ljava/util/Map;' @80  null (0x00000000)
 - private volatile transient 'annotationData' 'Ljava/lang/Class$AnnotationData;' @84  null (0x00000000)
 - private volatile transient 'annotationType' 'Lsun/reflect/annotation/AnnotationType;' @88  null (0x00000000)
 - transient 'classValueMap' 'Ljava/lang/ClassValue$ClassValueMap;' @92  null (0x00000000)
 - injected 'protection_domain' 'Ljava/lang/Object;' @96  null (0x00000000)
 - injected 'signers_name' 'Ljava/lang/Object;' @100  null (0x00000000)
 - injected 'source_file' 'Ljava/lang/Object;' @104  null (0x00000000)
 - injected '<init_lock>' 'Ljava/lang/Object;' @108  null (0x00000000)
 - signature: Lsun/java2d/d3d/D3DGraphicsDevice;
 - ---- static fields (0):
 - private static 'd3dAvailable' 'Z' @112  true (0x01)
R12=0x0 is null
R13={method} {0x000001e3772a0748} 'getDeviceCapsNative' '(I)I' in 'sun/java2d/d3d/D3DGraphicsDevice'
R14=0x00000072f41fe1d8 is pointing into the stack for thread: 0x000001e376cb1550
R15=0x000001e376cb1550 is a thread

Top of Stack: (sp=0x00000072f41fe0b0)
0x00000072f41fe0b0:   00007ffeddc0a848 000001e37b05f9a0
0x00000072f41fe0c0:   00000072f41fe1b8 00007ffe7c477775
0x00000072f41fe0d0:   0000000000000000 00007ffeddaeee25
0x00000072f41fe0e0:   000001e37b05f9a0 000001e3769afc50
0x00000072f41fe0f0:   000001e3772a0740 0000000000000000
0x00000072f41fe100:   00000072f41fe1d8 00007ffeddaec3a8
0x00000072f41fe110:   000001e3772a0740 000001e3772a0740
0x00000072f41fe120:   00007ffeddbd06a0 00000072f41fe1b8
0x00000072f41fe130:   00000072f41fe638 000001e368ec07b6
0x00000072f41fe140:   000001e3772a0740 00000072f41fe630
0x00000072f41fe150:   3ff0000000000000 000001e376cb1550
0x00000072f41fe160:   00000072f41fe630 000001e368ec00bf
0x00000072f41fe170:   00000072f41fe170 000001e3772a0740
0x00000072f41fe180:   0000000000000004 000001e3772a7978
0x00000072f41fe190:   0000000000000000 000000076ab537f8
0x00000072f41fe1a0:   000001e3772a0740 0000000000000000
0x00000072f41fe1b0:   00000072f41fe1d8 00000072f41fe230
0x00000072f41fe1c0:   000001e368eb95b8 000000076ab537f8
0x00000072f41fe1d0:   000001e368ebc6f5 0000000000000000
0x00000072f41fe1e0:   000000076ab53e78 00000072f41fe1e8
0x00000072f41fe1f0:   000001e3772ad8a0 0000000000000002
0x00000072f41fe200:   000001e3772ad980 0000000000000000
0x00000072f41fe210:   000000076ab53e90 000001e3772ad8d0
0x00000072f41fe220:   00000072f41fe1d8 00000072f41fe240
0x00000072f41fe230:   00000072f41fe420 000001e368eb100d
0x00000072f41fe240:   000000076ab53f10 0000000700000000
0x00000072f41fe250:   0000000000000018 0000000000000000
0x00000072f41fe260:   00000072f41fe280 00000072f41fe2d8
0x00000072f41fe270:   000001e368eb91b4 0000000000000000
0x00000072f41fe280:   000000076b9ce868 0000000000000000
0x00000072f41fe290:   0000000000000000 0000000000000018
0x00000072f41fe2a0:   0000000000000000 0000000000000000 

Instructions: (pc=0x00007ffeddbab309)
0x00007ffeddbab209:   cc cc cc cc cc cc cc 48 89 5c 24 08 48 89 6c 24
0x00007ffeddbab219:   10 48 89 74 24 18 57 48 83 ec 20 41 8b f8 0f b6
0x00007ffeddbab229:   f2 48 8b e9 e8 1e cb f4 ff 48 8b d8 48 89 44 24
0x00007ffeddbab239:   48 41 b8 01 00 00 00 8b d7 48 8b c8 e8 76 ca f4
0x00007ffeddbab249:   ff 48 8b c8 44 0f b6 c6 48 8b d5 e8 97 fa ff ff
0x00007ffeddbab259:   48 8b f8 48 8b cb e8 ac cc f4 ff 90 48 8b c7 48
0x00007ffeddbab269:   8b 5c 24 30 48 8b 6c 24 38 48 8b 74 24 40 48 83
0x00007ffeddbab279:   c4 20 5f c3 cc cc cc 48 8b 49 28 e9 37 07 00 00
0x00007ffeddbab289:   cc cc cc cc cc cc cc 48 89 5c 24 08 57 48 83 ec
0x00007ffeddbab299:   20 8b f9 e8 af ca f4 ff 48 8b d8 48 89 44 24 38
0x00007ffeddbab2a9:   41 b8 01 00 00 00 8b d7 48 8b c8 e8 07 ca f4 ff
0x00007ffeddbab2b9:   48 8b 08 8b 39 48 8b cb e8 4a cc f4 ff 90 8b c7
0x00007ffeddbab2c9:   48 8b 5c 24 30 48 83 c4 20 5f c3 cc cc cc cc cc
0x00007ffeddbab2d9:   cc cc cc cc cc cc cc 48 89 5c 24 08 57 48 83 ec
0x00007ffeddbab2e9:   20 8b f9 e8 5f ca f4 ff 48 8b d8 48 89 44 24 38
0x00007ffeddbab2f9:   41 b8 01 00 00 00 8b d7 48 8b c8 e8 b7 c9 f4 ff
0x00007ffeddbab309:   48 8b 78 28 48 8b cb e8 fb cb f4 ff 90 48 8b c7
0x00007ffeddbab319:   48 8b 5c 24 30 48 83 c4 20 5f c3 cc cc cc cc cc
0x00007ffeddbab329:   cc cc cc cc cc cc cc 48 89 5c 24 08 57 48 83 ec
0x00007ffeddbab339:   20 8b f9 e8 0f ca f4 ff 48 8b d8 48 89 44 24 38
0x00007ffeddbab349:   41 b8 01 00 00 00 8b d7 48 8b c8 e8 67 c9 f4 ff
0x00007ffeddbab359:   48 8b 78 30 48 8b cb e8 ab cb f4 ff 90 48 8b c7
0x00007ffeddbab369:   48 8b 5c 24 30 48 83 c4 20 5f c3 cc cc cc cc cc
0x00007ffeddbab379:   cc cc cc cc cc cc cc 48 89 5c 24 08 57 48 83 ec
0x00007ffeddbab389:   20 8b f9 e8 bf c9 f4 ff 48 8b d8 48 89 44 24 38
0x00007ffeddbab399:   41 b8 01 00 00 00 8b d7 48 8b c8 e8 17 c9 f4 ff
0x00007ffeddbab3a9:   48 8b 78 08 48 85 ff 74 07 48 8b bf 08 0c 00 00
0x00007ffeddbab3b9:   48 8b cb e8 4f cb f4 ff 90 48 8b c7 48 8b 5c 24
0x00007ffeddbab3c9:   30 48 83 c4 20 5f c3 f3 0f 10 41 48 c3 cc cc cc
0x00007ffeddbab3d9:   cc cc cc cc cc cc cc f3 0f 10 41 4c c3 cc cc cc
0x00007ffeddbab3e9:   cc cc cc cc cc cc cc 48 89 5c 24 10 48 89 6c 24
0x00007ffeddbab3f9:   18 48 89 74 24 20 57 48 81 ec 20 01 00 00 48 8b 


Stack slot to memory mapping:

stack at sp + 0 slots: 0x00007ffeddc0a848 awt.dll
stack at sp + 1 slots: 0x000001e37b05f9a0 points into unknown readable memory: 0x000001e300000001 | 01 00 00 00 e3 01 00 00
stack at sp + 2 slots: 0x00000072f41fe1b8 is pointing into the stack for thread: 0x000001e376cb1550
stack at sp + 3 slots: 0x00007ffe7c477775 jvm.dll
stack at sp + 4 slots: 0x0 is null
stack at sp + 5 slots: 0x00007ffeddaeee25 awt.dll
stack at sp + 6 slots: 0x000001e37b05f9a0 points into unknown readable memory: 0x000001e300000001 | 01 00 00 00 e3 01 00 00
stack at sp + 7 slots: 0x000001e3769afc50 points into unknown readable memory: 0x000001e376c852f0 | f0 52 c8 76 e3 01 00 00


---------------  P R O C E S S  ---------------

Threads class SMR info:
_java_thread_list=0x000001e376bc2490, length=20, elements={
0x000001e37683c660, 0x000001e37683f370, 0x000001e376843a10, 0x000001e376844460,
0x000001e376847630, 0x000001e376848360, 0x000001e37684c9f0, 0x000001e376857b90,
0x000001e3769bae10, 0x000001e3769c86f0, 0x000001e3769c9590, 0x000001e3769d1d30,
0x000001e3769d73b0, 0x000001e376cac830, 0x000001e376cb1550, 0x000001e37b01e3e0,
0x000001e359299340, 0x000001e376cae6c0, 0x000001e37b07b100, 0x000001e37b07b790
}

Java Threads: ( => current thread )
  0x000001e37683c660 JavaThread "Reference Handler"          daemon [_thread_blocked, id=29760, stack(0x00000072f3200000,0x00000072f3300000) (1024K)]
  0x000001e37683f370 JavaThread "Finalizer"                  daemon [_thread_blocked, id=24424, stack(0x00000072f3300000,0x00000072f3400000) (1024K)]
  0x000001e376843a10 JavaThread "Signal Dispatcher"          daemon [_thread_blocked, id=26572, stack(0x00000072f3400000,0x00000072f3500000) (1024K)]
  0x000001e376844460 JavaThread "Attach Listener"            daemon [_thread_blocked, id=4808, stack(0x00000072f3500000,0x00000072f3600000) (1024K)]
  0x000001e376847630 JavaThread "Service Thread"             daemon [_thread_blocked, id=31912, stack(0x00000072f3600000,0x00000072f3700000) (1024K)]
  0x000001e376848360 JavaThread "Monitor Deflation Thread"   daemon [_thread_blocked, id=23592, stack(0x00000072f3700000,0x00000072f3800000) (1024K)]
  0x000001e37684c9f0 JavaThread "C2 CompilerThread0"         daemon [_thread_blocked, id=34492, stack(0x00000072f3800000,0x00000072f3900000) (1024K)]
  0x000001e376857b90 JavaThread "C1 CompilerThread0"         daemon [_thread_blocked, id=17780, stack(0x00000072f3900000,0x00000072f3a00000) (1024K)]
  0x000001e3769bae10 JavaThread "JDWP Transport Listener: dt_shmem" daemon [_thread_blocked, id=32540, stack(0x00000072f3a00000,0x00000072f3b00000) (1024K)]
  0x000001e3769c86f0 JavaThread "JDWP Event Helper Thread"   daemon [_thread_in_native, id=34300, stack(0x00000072f3b00000,0x00000072f3c00000) (1024K)]
  0x000001e3769c9590 JavaThread "JDWP Command Reader"        daemon [_thread_in_native, id=31232, stack(0x00000072f3c00000,0x00000072f3d00000) (1024K)]
  0x000001e3769d1d30 JavaThread "Notification Thread"        daemon [_thread_blocked, id=24512, stack(0x00000072f3d00000,0x00000072f3e00000) (1024K)]
  0x000001e3769d73b0 JavaThread "Common-Cleaner"             daemon [_thread_blocked, id=30200, stack(0x00000072f3e00000,0x00000072f3f00000) (1024K)]
  0x000001e376cac830 JavaThread "Java2D Disposer"            daemon [_thread_blocked, id=6696, stack(0x00000072f3f00000,0x00000072f4000000) (1024K)]
=>0x000001e376cb1550 JavaThread "AWT-Windows"                daemon [_thread_in_native, id=6564, stack(0x00000072f4100000,0x00000072f4200000) (1024K)]
  0x000001e37b01e3e0 JavaThread "BlueJ worker thread"               [_thread_blocked, id=12532, stack(0x00000072f4300000,0x00000072f4400000) (1024K)]
  0x000001e359299340 JavaThread "DestroyJavaVM"                     [_thread_blocked, id=22368, stack(0x00000072f2a00000,0x00000072f2b00000) (1024K)]
  0x000001e376cae6c0 JavaThread "main"                              [_thread_in_native, id=6384, stack(0x00000072f4000000,0x00000072f4100000) (1024K)]
  0x000001e37b07b100 JavaThread "AWT-Shutdown"                      [_thread_blocked, id=26424, stack(0x00000072f2700000,0x00000072f2800000) (1024K)]
  0x000001e37b07b790 JavaThread "AWT-EventQueue-0"                  [_thread_in_native, id=26484, stack(0x00000072f2800000,0x00000072f2900000) (1024K)]
Total: 20

Other Threads:
  0x000001e37681cf50 VMThread "VM Thread"                           [id=9808, stack(0x00000072f3100000,0x00000072f3200000) (1024K)]
  0x000001e37680cd00 WatcherThread "VM Periodic Task Thread"        [id=25832, stack(0x00000072f3000000,0x00000072f3100000) (1024K)]
  0x000001e3592e3610 WorkerThread "GC Thread#0"                     [id=3460, stack(0x00000072f2b00000,0x00000072f2c00000) (1024K)]
  0x000001e3592ef280 ConcurrentGCThread "G1 Main Marker"            [id=28476, stack(0x00000072f2c00000,0x00000072f2d00000) (1024K)]
  0x000001e3592f13d0 WorkerThread "G1 Conc#0"                       [id=17552, stack(0x00000072f2d00000,0x00000072f2e00000) (1024K)]
  0x000001e35935e520 ConcurrentGCThread "G1 Refine#0"               [id=25388, stack(0x00000072f2e00000,0x00000072f2f00000) (1024K)]
  0x000001e3766d80f0 ConcurrentGCThread "G1 Service"                [id=10440, stack(0x00000072f2f00000,0x00000072f3000000) (1024K)]
Total: 7

Threads with active compile tasks:
Total: 0

VM state: not at safepoint (normal execution)

VM Mutex/Monitor currently owned by a thread: None

Heap address: 0x0000000761e00000, size: 2530 MB, Compressed Oops mode: Zero based, Oop shift amount: 3

CDS archive(s) mapped at: [0x000001e300000000-0x000001e300c80000-0x000001e300c80000), size 13107200, SharedBaseAddress: 0x000001e300000000, ArchiveRelocationMode: 1.
Compressed class space mapped at: 0x000001e301000000-0x000001e341000000, reserved size: 1073741824
Narrow klass base: 0x000001e300000000, Narrow klass shift: 0, Narrow klass range: 0x100000000

GC Precious Log:
 CardTable entry size: 512
 Card Set container configuration: InlinePtr #cards 4 size 8 Array Of Cards #cards 16 size 48 Howl #buckets 8 coarsen threshold 3686 Howl Bitmap #cards 512 size 80 coarsen threshold 460 Card regions per heap region 1 cards per card region 4096
 CPUs: 8 total, 8 available
 Memory: 10118M
 Large Page Support: Disabled
 NUMA Support: Disabled
 Compressed Oops: Enabled (Zero based)
 Heap Region Size: 2M
 Heap Min Capacity: 8M
 Heap Initial Capacity: 160M
 Heap Max Capacity: 2530M
 Pre-touch: Disabled
 Parallel Workers: 8
 Concurrent Workers: 2
 Concurrent Refinement Workers: 8
 Periodic GC: Disabled

Heap:
 garbage-first heap   total 163840K, used 18432K [0x0000000761e00000, 0x0000000800000000)
  region size 2048K, 10 young (20480K), 0 survivors (0K)
 Metaspace       used 3255K, committed 3456K, reserved 1114112K
  class space    used 295K, committed 384K, reserved 1048576K

Heap Regions: E=young(eden), S=young(survivor), O=old, HS=humongous(starts), HC=humongous(continues), CS=collection set, F=free, TAMS=top-at-mark-start, PB=parsable bottom
|   0|0x0000000761e00000, 0x0000000761e00000, 0x0000000762000000|  0%| F|  |TAMS 0x0000000761e00000| PB 0x0000000761e00000| Untracked 
|   1|0x0000000762000000, 0x0000000762000000, 0x0000000762200000|  0%| F|  |TAMS 0x0000000762000000| PB 0x0000000762000000| Untracked 
|   2|0x0000000762200000, 0x0000000762200000, 0x0000000762400000|  0%| F|  |TAMS 0x0000000762200000| PB 0x0000000762200000| Untracked 
|   3|0x0000000762400000, 0x0000000762400000, 0x0000000762600000|  0%| F|  |TAMS 0x0000000762400000| PB 0x0000000762400000| Untracked 
|   4|0x0000000762600000, 0x0000000762600000, 0x0000000762800000|  0%| F|  |TAMS 0x0000000762600000| PB 0x0000000762600000| Untracked 
|   5|0x0000000762800000, 0x0000000762800000, 0x0000000762a00000|  0%| F|  |TAMS 0x0000000762800000| PB 0x0000000762800000| Untracked 
|   6|0x0000000762a00000, 0x0000000762a00000, 0x0000000762c00000|  0%| F|  |TAMS 0x0000000762a00000| PB 0x0000000762a00000| Untracked 
|   7|0x0000000762c00000, 0x0000000762c00000, 0x0000000762e00000|  0%| F|  |TAMS 0x0000000762c00000| PB 0x0000000762c00000| Untracked 
|   8|0x0000000762e00000, 0x0000000762e00000, 0x0000000763000000|  0%| F|  |TAMS 0x0000000762e00000| PB 0x0000000762e00000| Untracked 
|   9|0x0000000763000000, 0x0000000763000000, 0x0000000763200000|  0%| F|  |TAMS 0x0000000763000000| PB 0x0000000763000000| Untracked 
|  10|0x0000000763200000, 0x0000000763200000, 0x0000000763400000|  0%| F|  |TAMS 0x0000000763200000| PB 0x0000000763200000| Untracked 
|  11|0x0000000763400000, 0x0000000763400000, 0x0000000763600000|  0%| F|  |TAMS 0x0000000763400000| PB 0x0000000763400000| Untracked 
|  12|0x0000000763600000, 0x0000000763600000, 0x0000000763800000|  0%| F|  |TAMS 0x0000000763600000| PB 0x0000000763600000| Untracked 
|  13|0x0000000763800000, 0x0000000763800000, 0x0000000763a00000|  0%| F|  |TAMS 0x0000000763800000| PB 0x0000000763800000| Untracked 
|  14|0x0000000763a00000, 0x0000000763a00000, 0x0000000763c00000|  0%| F|  |TAMS 0x0000000763a00000| PB 0x0000000763a00000| Untracked 
|  15|0x0000000763c00000, 0x0000000763c00000, 0x0000000763e00000|  0%| F|  |TAMS 0x0000000763c00000| PB 0x0000000763c00000| Untracked 
|  16|0x0000000763e00000, 0x0000000763e00000, 0x0000000764000000|  0%| F|  |TAMS 0x0000000763e00000| PB 0x0000000763e00000| Untracked 
|  17|0x0000000764000000, 0x0000000764000000, 0x0000000764200000|  0%| F|  |TAMS 0x0000000764000000| PB 0x0000000764000000| Untracked 
|  18|0x0000000764200000, 0x0000000764200000, 0x0000000764400000|  0%| F|  |TAMS 0x0000000764200000| PB 0x0000000764200000| Untracked 
|  19|0x0000000764400000, 0x0000000764400000, 0x0000000764600000|  0%| F|  |TAMS 0x0000000764400000| PB 0x0000000764400000| Untracked 
|  20|0x0000000764600000, 0x0000000764600000, 0x0000000764800000|  0%| F|  |TAMS 0x0000000764600000| PB 0x0000000764600000| Untracked 
|  21|0x0000000764800000, 0x0000000764800000, 0x0000000764a00000|  0%| F|  |TAMS 0x0000000764800000| PB 0x0000000764800000| Untracked 
|  22|0x0000000764a00000, 0x0000000764a00000, 0x0000000764c00000|  0%| F|  |TAMS 0x0000000764a00000| PB 0x0000000764a00000| Untracked 
|  23|0x0000000764c00000, 0x0000000764c00000, 0x0000000764e00000|  0%| F|  |TAMS 0x0000000764c00000| PB 0x0000000764c00000| Untracked 
|  24|0x0000000764e00000, 0x0000000764e00000, 0x0000000765000000|  0%| F|  |TAMS 0x0000000764e00000| PB 0x0000000764e00000| Untracked 
|  25|0x0000000765000000, 0x0000000765000000, 0x0000000765200000|  0%| F|  |TAMS 0x0000000765000000| PB 0x0000000765000000| Untracked 
|  26|0x0000000765200000, 0x0000000765200000, 0x0000000765400000|  0%| F|  |TAMS 0x0000000765200000| PB 0x0000000765200000| Untracked 
|  27|0x0000000765400000, 0x0000000765400000, 0x0000000765600000|  0%| F|  |TAMS 0x0000000765400000| PB 0x0000000765400000| Untracked 
|  28|0x0000000765600000, 0x0000000765600000, 0x0000000765800000|  0%| F|  |TAMS 0x0000000765600000| PB 0x0000000765600000| Untracked 
|  29|0x0000000765800000, 0x0000000765800000, 0x0000000765a00000|  0%| F|  |TAMS 0x0000000765800000| PB 0x0000000765800000| Untracked 
|  30|0x0000000765a00000, 0x0000000765a00000, 0x0000000765c00000|  0%| F|  |TAMS 0x0000000765a00000| PB 0x0000000765a00000| Untracked 
|  31|0x0000000765c00000, 0x0000000765c00000, 0x0000000765e00000|  0%| F|  |TAMS 0x0000000765c00000| PB 0x0000000765c00000| Untracked 
|  32|0x0000000765e00000, 0x0000000765e00000, 0x0000000766000000|  0%| F|  |TAMS 0x0000000765e00000| PB 0x0000000765e00000| Untracked 
|  33|0x0000000766000000, 0x0000000766000000, 0x0000000766200000|  0%| F|  |TAMS 0x0000000766000000| PB 0x0000000766000000| Untracked 
|  34|0x0000000766200000, 0x0000000766200000, 0x0000000766400000|  0%| F|  |TAMS 0x0000000766200000| PB 0x0000000766200000| Untracked 
|  35|0x0000000766400000, 0x0000000766400000, 0x0000000766600000|  0%| F|  |TAMS 0x0000000766400000| PB 0x0000000766400000| Untracked 
|  36|0x0000000766600000, 0x0000000766600000, 0x0000000766800000|  0%| F|  |TAMS 0x0000000766600000| PB 0x0000000766600000| Untracked 
|  37|0x0000000766800000, 0x0000000766800000, 0x0000000766a00000|  0%| F|  |TAMS 0x0000000766800000| PB 0x0000000766800000| Untracked 
|  38|0x0000000766a00000, 0x0000000766a00000, 0x0000000766c00000|  0%| F|  |TAMS 0x0000000766a00000| PB 0x0000000766a00000| Untracked 
|  39|0x0000000766c00000, 0x0000000766c00000, 0x0000000766e00000|  0%| F|  |TAMS 0x0000000766c00000| PB 0x0000000766c00000| Untracked 
|  40|0x0000000766e00000, 0x0000000766e00000, 0x0000000767000000|  0%| F|  |TAMS 0x0000000766e00000| PB 0x0000000766e00000| Untracked 
|  41|0x0000000767000000, 0x0000000767000000, 0x0000000767200000|  0%| F|  |TAMS 0x0000000767000000| PB 0x0000000767000000| Untracked 
|  42|0x0000000767200000, 0x0000000767200000, 0x0000000767400000|  0%| F|  |TAMS 0x0000000767200000| PB 0x0000000767200000| Untracked 
|  43|0x0000000767400000, 0x0000000767400000, 0x0000000767600000|  0%| F|  |TAMS 0x0000000767400000| PB 0x0000000767400000| Untracked 
|  44|0x0000000767600000, 0x0000000767600000, 0x0000000767800000|  0%| F|  |TAMS 0x0000000767600000| PB 0x0000000767600000| Untracked 
|  45|0x0000000767800000, 0x0000000767800000, 0x0000000767a00000|  0%| F|  |TAMS 0x0000000767800000| PB 0x0000000767800000| Untracked 
|  46|0x0000000767a00000, 0x0000000767a00000, 0x0000000767c00000|  0%| F|  |TAMS 0x0000000767a00000| PB 0x0000000767a00000| Untracked 
|  47|0x0000000767c00000, 0x0000000767c00000, 0x0000000767e00000|  0%| F|  |TAMS 0x0000000767c00000| PB 0x0000000767c00000| Untracked 
|  48|0x0000000767e00000, 0x0000000767e00000, 0x0000000768000000|  0%| F|  |TAMS 0x0000000767e00000| PB 0x0000000767e00000| Untracked 
|  49|0x0000000768000000, 0x0000000768000000, 0x0000000768200000|  0%| F|  |TAMS 0x0000000768000000| PB 0x0000000768000000| Untracked 
|  50|0x0000000768200000, 0x0000000768200000, 0x0000000768400000|  0%| F|  |TAMS 0x0000000768200000| PB 0x0000000768200000| Untracked 
|  51|0x0000000768400000, 0x0000000768400000, 0x0000000768600000|  0%| F|  |TAMS 0x0000000768400000| PB 0x0000000768400000| Untracked 
|  52|0x0000000768600000, 0x0000000768600000, 0x0000000768800000|  0%| F|  |TAMS 0x0000000768600000| PB 0x0000000768600000| Untracked 
|  53|0x0000000768800000, 0x0000000768800000, 0x0000000768a00000|  0%| F|  |TAMS 0x0000000768800000| PB 0x0000000768800000| Untracked 
|  54|0x0000000768a00000, 0x0000000768a00000, 0x0000000768c00000|  0%| F|  |TAMS 0x0000000768a00000| PB 0x0000000768a00000| Untracked 
|  55|0x0000000768c00000, 0x0000000768c00000, 0x0000000768e00000|  0%| F|  |TAMS 0x0000000768c00000| PB 0x0000000768c00000| Untracked 
|  56|0x0000000768e00000, 0x0000000768e00000, 0x0000000769000000|  0%| F|  |TAMS 0x0000000768e00000| PB 0x0000000768e00000| Untracked 
|  57|0x0000000769000000, 0x0000000769000000, 0x0000000769200000|  0%| F|  |TAMS 0x0000000769000000| PB 0x0000000769000000| Untracked 
|  58|0x0000000769200000, 0x0000000769200000, 0x0000000769400000|  0%| F|  |TAMS 0x0000000769200000| PB 0x0000000769200000| Untracked 
|  59|0x0000000769400000, 0x0000000769400000, 0x0000000769600000|  0%| F|  |TAMS 0x0000000769400000| PB 0x0000000769400000| Untracked 
|  60|0x0000000769600000, 0x0000000769600000, 0x0000000769800000|  0%| F|  |TAMS 0x0000000769600000| PB 0x0000000769600000| Untracked 
|  61|0x0000000769800000, 0x0000000769800000, 0x0000000769a00000|  0%| F|  |TAMS 0x0000000769800000| PB 0x0000000769800000| Untracked 
|  62|0x0000000769a00000, 0x0000000769a00000, 0x0000000769c00000|  0%| F|  |TAMS 0x0000000769a00000| PB 0x0000000769a00000| Untracked 
|  63|0x0000000769c00000, 0x0000000769c00000, 0x0000000769e00000|  0%| F|  |TAMS 0x0000000769c00000| PB 0x0000000769c00000| Untracked 
|  64|0x0000000769e00000, 0x0000000769e00000, 0x000000076a000000|  0%| F|  |TAMS 0x0000000769e00000| PB 0x0000000769e00000| Untracked 
|  65|0x000000076a000000, 0x000000076a000000, 0x000000076a200000|  0%| F|  |TAMS 0x000000076a000000| PB 0x000000076a000000| Untracked 
|  66|0x000000076a200000, 0x000000076a200000, 0x000000076a400000|  0%| F|  |TAMS 0x000000076a200000| PB 0x000000076a200000| Untracked 
|  67|0x000000076a400000, 0x000000076a400000, 0x000000076a600000|  0%| F|  |TAMS 0x000000076a400000| PB 0x000000076a400000| Untracked 
|  68|0x000000076a600000, 0x000000076a600000, 0x000000076a800000|  0%| F|  |TAMS 0x000000076a600000| PB 0x000000076a600000| Untracked 
|  69|0x000000076a800000, 0x000000076a800000, 0x000000076aa00000|  0%| F|  |TAMS 0x000000076a800000| PB 0x000000076a800000| Untracked 
|  70|0x000000076aa00000, 0x000000076abc2980, 0x000000076ac00000| 88%| E|  |TAMS 0x000000076aa00000| PB 0x000000076aa00000| Complete 
|  71|0x000000076ac00000, 0x000000076ae00000, 0x000000076ae00000|100%| E|CS|TAMS 0x000000076ac00000| PB 0x000000076ac00000| Complete 
|  72|0x000000076ae00000, 0x000000076b000000, 0x000000076b000000|100%| E|CS|TAMS 0x000000076ae00000| PB 0x000000076ae00000| Complete 
|  73|0x000000076b000000, 0x000000076b200000, 0x000000076b200000|100%| E|CS|TAMS 0x000000076b000000| PB 0x000000076b000000| Complete 
|  74|0x000000076b200000, 0x000000076b400000, 0x000000076b400000|100%| E|CS|TAMS 0x000000076b200000| PB 0x000000076b200000| Complete 
|  75|0x000000076b400000, 0x000000076b600000, 0x000000076b600000|100%| E|CS|TAMS 0x000000076b400000| PB 0x000000076b400000| Complete 
|  76|0x000000076b600000, 0x000000076b800000, 0x000000076b800000|100%| E|CS|TAMS 0x000000076b600000| PB 0x000000076b600000| Complete 
|  77|0x000000076b800000, 0x000000076ba00000, 0x000000076ba00000|100%| E|CS|TAMS 0x000000076b800000| PB 0x000000076b800000| Complete 
|  78|0x000000076ba00000, 0x000000076bc00000, 0x000000076bc00000|100%| E|CS|TAMS 0x000000076ba00000| PB 0x000000076ba00000| Complete 
|  79|0x000000076bc00000, 0x000000076be00000, 0x000000076be00000|100%| E|CS|TAMS 0x000000076bc00000| PB 0x000000076bc00000| Complete 

Card table byte_map: [0x000001e3711b0000,0x000001e3716b0000] _byte_map_base: 0x000001e36d6a1000

Marking Bits: (CMBitMap*) 0x000001e3592e3d10
 Bits: [0x000001e3716b0000, 0x000001e373e38000)

Polling page: 0x000001e357050000

Metaspace:

Usage:
  Non-class:      2.89 MB used.
      Class:    295.23 KB used.
       Both:      3.18 MB used.

Virtual space:
  Non-class space:       64.00 MB reserved,       3.00 MB (  5%) committed,  1 nodes.
      Class space:        1.00 GB reserved,     384.00 KB ( <1%) committed,  1 nodes.
             Both:        1.06 GB reserved,       3.38 MB ( <1%) committed. 

Chunk freelists:
   Non-Class:  11.74 MB
       Class:  15.67 MB
        Both:  27.41 MB

MaxMetaspaceSize: unlimited
CompressedClassSpaceSize: 1.00 GB
Initial GC threshold: 21.00 MB
Current GC threshold: 21.00 MB
CDS: on
 - commit_granule_bytes: 65536.
 - commit_granule_words: 8192.
 - virtual_space_node_default_size: 8388608.
 - enlarge_chunks_in_place: 1.
 - use_allocation_guard: 0.


Internal statistics:

num_allocs_failed_limit: 0.
num_arena_births: 114.
num_arena_deaths: 0.
num_vsnodes_births: 2.
num_vsnodes_deaths: 0.
num_space_committed: 54.
num_space_uncommitted: 0.
num_chunks_returned_to_freelist: 0.
num_chunks_taken_from_freelist: 142.
num_chunk_merges: 0.
num_chunk_splits: 92.
num_chunks_enlarged: 47.
num_inconsistent_stats: 0.

CodeHeap 'non-profiled nmethods': size=120000Kb used=200Kb max_used=200Kb free=119799Kb
 bounds [0x000001e369450000, 0x000001e3696c0000, 0x000001e370980000]
CodeHeap 'profiled nmethods': size=120000Kb used=810Kb max_used=810Kb free=119189Kb
 bounds [0x000001e361980000, 0x000001e361bf0000, 0x000001e368eb0000]
CodeHeap 'non-nmethods': size=5760Kb used=1471Kb max_used=1474Kb free=4288Kb
 bounds [0x000001e368eb0000, 0x000001e369120000, 0x000001e369450000]
 total_blobs=1081 nmethods=580 adapters=406
 compilation: enabled
              stopped_count=0, restarted_count=0
 full_count=0

Compilation events (20 events):
Event: 84.465 Thread 0x000001e376857b90  571       3       jdk.internal.org.objectweb.asm.SymbolTable::addConstantNameAndType (137 bytes)
Event: 84.467 Thread 0x000001e376857b90 nmethod 571 0x000001e361a45f10 code [0x000001e361a46180, 0x000001e361a468a8]
Event: 84.467 Thread 0x000001e376857b90  572       3       jdk.internal.org.objectweb.asm.SymbolTable$Entry::<init> (20 bytes)
Event: 84.468 Thread 0x000001e376857b90 nmethod 572 0x000001e361a46d10 code [0x000001e361a46ec0, 0x000001e361a47060]
Event: 84.477 Thread 0x000001e376857b90  573       3       jdk.internal.org.objectweb.asm.Label::resolve (219 bytes)
Event: 84.479 Thread 0x000001e376857b90 nmethod 573 0x000001e361a47110 code [0x000001e361a47300, 0x000001e361a47818]
Event: 84.479 Thread 0x000001e376857b90  574       3       jdk.internal.org.objectweb.asm.ByteVector::putByteArray (49 bytes)
Event: 84.480 Thread 0x000001e376857b90 nmethod 574 0x000001e361a47b90 code [0x000001e361a47d60, 0x000001e361a48028]
Event: 84.482 Thread 0x000001e376857b90  575       3       java.lang.invoke.MethodType::basicType (8 bytes)
Event: 84.482 Thread 0x000001e376857b90 nmethod 575 0x000001e361a48110 code [0x000001e361a482a0, 0x000001e361a483d8]
Event: 410.560 Thread 0x000001e376857b90  576       3       java.util.HashMap::isEmpty (13 bytes)
Event: 410.561 Thread 0x000001e376857b90 nmethod 576 0x000001e361a48490 code [0x000001e361a48620, 0x000001e361a48780]
Event: 1123.425 Thread 0x000001e376857b90  577       3       java.lang.Thread::isVirtual (5 bytes)
Event: 1123.425 Thread 0x000001e376857b90 nmethod 577 0x000001e361a48810 code [0x000001e361a489c0, 0x000001e361a48bc8]
Event: 19362.125 Thread 0x000001e376857b90  578       3       jdk.internal.org.objectweb.asm.ByteVector::enlarge (73 bytes)
Event: 19362.126 Thread 0x000001e376857b90 nmethod 578 0x000001e361a48c90 code [0x000001e361a48e60, 0x000001e361a49258]
Event: 19362.224 Thread 0x000001e376857b90  579       3       java.lang.invoke.MethodType::genericMethodType (95 bytes)
Event: 19362.228 Thread 0x000001e376857b90 nmethod 579 0x000001e361a49410 code [0x000001e361a496c0, 0x000001e361a4a398]
Event: 19365.663 Thread 0x000001e376857b90  580       3       java.lang.invoke.MethodType::erase (8 bytes)
Event: 19365.663 Thread 0x000001e376857b90 nmethod 580 0x000001e361a4a810 code [0x000001e361a4a9a0, 0x000001e361a4aad8]

GC Heap History (0 events):
No events

Dll operation events (7 events):
Event: 0.022 Loaded shared library C:\Program Files\BlueJ\jdk\bin\java.dll
Event: 0.087 Loaded shared library C:\Program Files\BlueJ\jdk\bin\jsvml.dll
Event: 0.615 Loaded shared library C:\Program Files\BlueJ\jdk\bin\net.dll
Event: 0.621 Loaded shared library C:\Program Files\BlueJ\jdk\bin\nio.dll
Event: 0.688 Loaded shared library C:\Program Files\BlueJ\jdk\bin\zip.dll
Event: 0.925 Loaded shared library C:\Program Files\BlueJ\jdk\bin\jimage.dll
Event: 0.936 Loaded shared library C:\Program Files\BlueJ\jdk\bin\awt.dll

Deoptimization events (12 events):
Event: 1.007 Thread 0x000001e359299340 Uncommon trap: trap_request=0xffffff45 fr.pc=0x000001e36945a86c relative=0x00000000000008cc
Event: 1.007 Thread 0x000001e359299340 Uncommon trap: reason=unstable_if action=reinterpret pc=0x000001e36945a86c method=java.util.zip.ZipFile$Source.checkAndAddEntry(II)I @ 50 c2
Event: 1.007 Thread 0x000001e359299340 DEOPT PACKING pc=0x000001e36945a86c sp=0x00000072f2afcc10
Event: 1.007 Thread 0x000001e359299340 DEOPT UNPACKING pc=0x000001e368f046a2 sp=0x00000072f2afcba0 mode 2
Event: 16.425 Thread 0x000001e376cae6c0 DEOPT PACKING pc=0x000001e361997e4f sp=0x00000072f40fe020
Event: 16.425 Thread 0x000001e376cae6c0 DEOPT UNPACKING pc=0x000001e368f04e42 sp=0x00000072f40fd440 mode 0
Event: 25.589 Thread 0x000001e376cae6c0 DEOPT PACKING pc=0x000001e3619882c8 sp=0x00000072f40fd1d0
Event: 25.589 Thread 0x000001e376cae6c0 DEOPT UNPACKING pc=0x000001e368f04e42 sp=0x00000072f40fc638 mode 0
Event: 25.593 Thread 0x000001e376cae6c0 Uncommon trap: trap_request=0xffffff45 fr.pc=0x000001e36947d99c relative=0x000000000000075c
Event: 25.593 Thread 0x000001e376cae6c0 Uncommon trap: reason=unstable_if action=reinterpret pc=0x000001e36947d99c method=java.util.regex.Matcher.search(I)Z @ 30 c2
Event: 25.593 Thread 0x000001e376cae6c0 DEOPT PACKING pc=0x000001e36947d99c sp=0x00000072f40fe950
Event: 25.593 Thread 0x000001e376cae6c0 DEOPT UNPACKING pc=0x000001e368f046a2 sp=0x00000072f40fe940 mode 2

Classes loaded (20 events):
Event: 19367.481 Loading class sun/awt/SunDisplayChanger
Event: 19367.482 Loading class sun/awt/SunDisplayChanger done
Event: 19367.518 Loading class java/awt/GraphicsDevice
Event: 19367.518 Loading class java/awt/GraphicsDevice done
Event: 19367.529 Loading class sun/java2d/d3d/D3DGraphicsDevice
Event: 19367.918 Loading class sun/awt/Win32GraphicsDevice
Event: 19367.921 Loading class sun/awt/Win32GraphicsDevice done
Event: 19367.921 Loading class sun/java2d/d3d/D3DGraphicsDevice done
Event: 19374.802 Loading class sun/java2d/d3d/D3DRenderQueue
Event: 19374.803 Loading class sun/java2d/pipe/RenderQueue
Event: 19374.803 Loading class sun/java2d/pipe/RenderQueue done
Event: 19374.803 Loading class sun/java2d/d3d/D3DRenderQueue done
Event: 19374.804 Loading class sun/java2d/pipe/RenderBuffer
Event: 19374.805 Loading class sun/java2d/pipe/RenderBuffer done
Event: 19374.806 Loading class sun/java2d/d3d/D3DRenderQueue$1
Event: 19374.806 Loading class sun/java2d/d3d/D3DRenderQueue$1 done
Event: 19376.268 Loading class sun/java2d/d3d/D3DGraphicsDevice$1Result
Event: 19376.269 Loading class sun/java2d/d3d/D3DGraphicsDevice$1Result done
Event: 19376.269 Loading class sun/java2d/d3d/D3DGraphicsDevice$1
Event: 19376.269 Loading class sun/java2d/d3d/D3DGraphicsDevice$1 done

Classes unloaded (0 events):
No events

Classes redefined (0 events):
No events

Internal exceptions (4 events):
Event: 0.890 Thread 0x000001e359299340 Exception <a 'java/lang/ClassNotFoundException'{0x000000076b8204d0}: sun/awt/resources/spi/awtProvider> (0x000000076b8204d0) 
thrown [s\src\hotspot\share\classfile\systemDictionary.cpp, line 312]
Event: 0.962 Thread 0x000001e359299340 Exception <a 'java/io/FileNotFoundException'{0x000000076b883c68}> (0x000000076b883c68) 
thrown [s\src\hotspot\share\prims\jni.cpp, line 520]
Event: 0.976 Thread 0x000001e359299340 Exception <a 'java/io/FileNotFoundException'{0x000000076b8ae568}> (0x000000076b8ae568) 
thrown [s\src\hotspot\share\prims\jni.cpp, line 520]
Event: 16.467 Thread 0x000001e376cae6c0 Exception <a 'java/lang/NoSuchMethodError'{0x000000076b7ef528}: 'void java.lang.invoke.DirectMethodHandle$Holder.invokeStatic(java.lang.Object, java.lang.Object)'> (0x000000076b7ef528) 
thrown [s\src\hotspot\share\interpreter\linkResolver.cpp, line 773]

ZGC Phase Switch (0 events):
No events

VM Operations (20 events):
Event: 541.254 Executing VM operation: RendezvousGCThreads
Event: 541.254 Executing VM operation: RendezvousGCThreads done
Event: 841.675 Executing VM operation: HandshakeAllThreads (HandshakeForDeflation)
Event: 841.675 Executing VM operation: HandshakeAllThreads (HandshakeForDeflation) done
Event: 841.675 Executing VM operation: RendezvousGCThreads
Event: 841.675 Executing VM operation: RendezvousGCThreads done
Event: 1022.151 Executing VM operation: HandshakeAllThreads (HandshakeForDeflation)
Event: 1022.151 Executing VM operation: HandshakeAllThreads (HandshakeForDeflation) done
Event: 1022.151 Executing VM operation: RendezvousGCThreads
Event: 1022.151 Executing VM operation: RendezvousGCThreads done
Event: 1142.446 Executing VM operation: HandshakeAllThreads (HandshakeForDeflation)
Event: 1142.446 Executing VM operation: HandshakeAllThreads (HandshakeForDeflation) done
Event: 1142.446 Executing VM operation: RendezvousGCThreads
Event: 1142.446 Executing VM operation: RendezvousGCThreads done
Event: 1202.578 Executing VM operation: HandshakeAllThreads (HandshakeForDeflation)
Event: 1202.578 Executing VM operation: HandshakeAllThreads (HandshakeForDeflation) done
Event: 1202.579 Executing VM operation: RendezvousGCThreads
Event: 1202.579 Executing VM operation: RendezvousGCThreads done
Event: 19366.966 Executing VM operation: Cleanup
Event: 19367.165 Executing VM operation: Cleanup done

Memory protections (0 events):
No events

Nmethod flushes (0 events):
No events

Events (20 events):
Event: 481.627 Thread 0x000001e376cb1550 Thread added: 0x000001e37b07be20
Event: 482.674 Thread 0x000001e37b07be20 Thread exited: 0x000001e37b07be20
Event: 503.665 Thread 0x000001e376cb1550 Thread added: 0x000001e37b07c4b0
Event: 504.722 Thread 0x000001e37b07c4b0 Thread exited: 0x000001e37b07c4b0
Event: 825.466 Thread 0x000001e376cb1550 Thread added: 0x000001e37b07def0
Event: 826.516 Thread 0x000001e37b07def0 Thread exited: 0x000001e37b07def0
Event: 997.266 Thread 0x000001e376cb1550 Thread added: 0x000001e37b07b790
Event: 998.318 Thread 0x000001e37b07b790 Thread exited: 0x000001e37b07b790
Event: 1020.072 Thread 0x000001e376cb1550 Thread added: 0x000001e37b07d860
Event: 1021.124 Thread 0x000001e37b07d860 Thread exited: 0x000001e37b07d860
Event: 1123.444 Thread 0x000001e376cb1550 Thread added: 0x000001e37b07def0
Event: 1124.527 Thread 0x000001e37b07def0 Thread exited: 0x000001e37b07def0
Event: 1124.845 Thread 0x000001e376cb1550 Thread added: 0x000001e37b07c4b0
Event: 1125.892 Thread 0x000001e37b07c4b0 Thread exited: 0x000001e37b07c4b0
Event: 1200.313 Thread 0x000001e376cb1550 Thread added: 0x000001e37b07cb40
Event: 1201.455 Thread 0x000001e37b07cb40 Thread exited: 0x000001e37b07cb40
Event: 12002.650 Thread 0x000001e376cb1550 Thread added: 0x000001e37b07b100
Event: 12003.716 Thread 0x000001e37b07b100 Thread exited: 0x000001e37b07b100
Event: 19359.794 Thread 0x000001e376cb1550 Thread added: 0x000001e37b07b100
Event: 19366.881 Thread 0x000001e376cb1550 Thread added: 0x000001e37b07b790


Dynamic libraries:
0x00007ff632b40000 - 0x00007ff632b4e000 	C:\Program Files\BlueJ\jdk\bin\java.exe
0x00007ffeffd20000 - 0x00007ffefff87000 	C:\WINDOWS\SYSTEM32\ntdll.dll
0x00007ffeff340000 - 0x00007ffeff409000 	C:\WINDOWS\System32\KERNEL32.DLL
0x00007ffefc600000 - 0x00007ffefc9f1000 	C:\WINDOWS\System32\KERNELBASE.dll
0x00007ffefcdb0000 - 0x00007ffefcefb000 	C:\WINDOWS\System32\ucrtbase.dll
0x00007ffeea5a0000 - 0x00007ffeea5b8000 	C:\Program Files\BlueJ\jdk\bin\jli.dll
0x00007ffee9910000 - 0x00007ffee992e000 	C:\Program Files\BlueJ\jdk\bin\VCRUNTIME140.dll
0x00007ffefecf0000 - 0x00007ffefeeb5000 	C:\WINDOWS\System32\USER32.dll
0x00007ffeea140000 - 0x00007ffeea3d3000 	C:\WINDOWS\WinSxS\amd64_microsoft.windows.common-controls_6595b64144ccf1df_6.0.26100.8037_none_3e092faae333b53b\COMCTL32.dll
0x00007ffefcc40000 - 0x00007ffefcc67000 	C:\WINDOWS\System32\win32u.dll
0x00007ffeff080000 - 0x00007ffeff129000 	C:\WINDOWS\System32\msvcrt.dll
0x00007ffeff000000 - 0x00007ffeff02b000 	C:\WINDOWS\System32\GDI32.dll
0x00007ffefd820000 - 0x00007ffefd94b000 	C:\WINDOWS\System32\gdi32full.dll
0x00007ffefcf00000 - 0x00007ffefcfa3000 	C:\WINDOWS\System32\msvcp_win.dll
0x00007ffeff040000 - 0x00007ffeff071000 	C:\WINDOWS\System32\IMM32.DLL
0x00007ffef6de0000 - 0x00007ffef6dec000 	C:\Program Files\BlueJ\jdk\bin\vcruntime140_1.dll
0x00007ffee8e40000 - 0x00007ffee8ecd000 	C:\Program Files\BlueJ\jdk\bin\msvcp140.dll
0x00007ffe7c0a0000 - 0x00007ffe7ce30000 	C:\Program Files\BlueJ\jdk\bin\server\jvm.dll
0x00007ffeff6d0000 - 0x00007ffeff78b000 	C:\WINDOWS\System32\ADVAPI32.dll
0x00007ffefeec0000 - 0x00007ffefef67000 	C:\WINDOWS\System32\sechost.dll
0x00007ffeff790000 - 0x00007ffeff8a8000 	C:\WINDOWS\System32\RPCRT4.dll
0x00007ffefdf50000 - 0x00007ffefdfc4000 	C:\WINDOWS\System32\WS2_32.dll
0x00007ffefc480000 - 0x00007ffefc4de000 	C:\WINDOWS\SYSTEM32\POWRPROF.dll
0x00007ffef5090000 - 0x00007ffef50c5000 	C:\WINDOWS\SYSTEM32\WINMM.dll
0x00007ffef6260000 - 0x00007ffef626b000 	C:\WINDOWS\SYSTEM32\VERSION.dll
0x00007ffefc460000 - 0x00007ffefc474000 	C:\WINDOWS\SYSTEM32\UMPDC.dll
0x00007ffefb350000 - 0x00007ffefb36b000 	C:\WINDOWS\SYSTEM32\kernel.appcore.dll
0x00007ffef4ff0000 - 0x00007ffef4ffa000 	C:\Program Files\BlueJ\jdk\bin\jimage.dll
0x00007ffefa770000 - 0x00007ffefa9b2000 	C:\WINDOWS\SYSTEM32\DBGHELP.DLL
0x00007ffefdff0000 - 0x00007ffefe372000 	C:\WINDOWS\System32\combase.dll
0x00007ffeff8b0000 - 0x00007ffeff987000 	C:\WINDOWS\System32\OLEAUT32.dll
0x00007ffee6010000 - 0x00007ffee604b000 	C:\WINDOWS\SYSTEM32\dbgcore.DLL
0x00007ffefcc70000 - 0x00007ffefcd15000 	C:\WINDOWS\System32\bcryptPrimitives.dll
0x00007ffee8760000 - 0x00007ffee879c000 	C:\Program Files\BlueJ\jdk\bin\jdwp.dll
0x00007ffee98f0000 - 0x00007ffee990f000 	C:\Program Files\BlueJ\jdk\bin\java.dll
0x00007ffefe380000 - 0x00007ffefeadf000 	C:\WINDOWS\System32\SHELL32.dll
0x00007ffefd950000 - 0x00007ffefdaba000 	C:\WINDOWS\System32\wintypes.dll
0x00007ffefcfb0000 - 0x00007ffefd814000 	C:\WINDOWS\System32\windows.storage.dll
0x00007ffefeaf0000 - 0x00007ffefebe7000 	C:\WINDOWS\System32\SHCORE.dll
0x00007ffeff130000 - 0x00007ffeff197000 	C:\WINDOWS\System32\shlwapi.dll
0x00007ffefc520000 - 0x00007ffefc549000 	C:\WINDOWS\SYSTEM32\profapi.dll
0x00007ffee8d60000 - 0x00007ffee8e37000 	C:\Program Files\BlueJ\jdk\bin\jsvml.dll
0x00007ffee9c90000 - 0x00007ffee9c9b000 	C:\Program Files\BlueJ\jdk\bin\dt_shmem.dll
0x00007ffef4fc0000 - 0x00007ffef4fd0000 	C:\Program Files\BlueJ\jdk\bin\net.dll
0x00007ffef53c0000 - 0x00007ffef54e7000 	C:\WINDOWS\SYSTEM32\WINHTTP.dll
0x00007ffefb8a0000 - 0x00007ffefb90b000 	C:\WINDOWS\system32\mswsock.dll
0x00007ffee98d0000 - 0x00007ffee98e6000 	C:\Program Files\BlueJ\jdk\bin\nio.dll
0x00007ffee98b0000 - 0x00007ffee98c8000 	C:\Program Files\BlueJ\jdk\bin\zip.dll
0x00007ffeddad0000 - 0x00007ffeddc5e000 	C:\Program Files\BlueJ\jdk\bin\awt.dll
0x00007ffef98f0000 - 0x00007ffef998f000 	C:\WINDOWS\SYSTEM32\apphelp.dll
0x00007ffef9b00000 - 0x00007ffef9baa000 	C:\WINDOWS\system32\uxtheme.dll
0x00007ffeffa10000 - 0x00007ffeffb6d000 	C:\WINDOWS\System32\MSCTF.dll
0x00007ffeff1a0000 - 0x00007ffeff335000 	C:\WINDOWS\System32\ole32.dll
0x00007ffef97c0000 - 0x00007ffef97ee000 	C:\WINDOWS\system32\DWMAPI.DLL
0x00007ffe5a290000 - 0x00007ffe5a39e000 	C:\WINDOWS\system32\opengl32.dll
0x00007ffe80770000 - 0x00007ffe8079d000 	C:\WINDOWS\SYSTEM32\GLU32.dll
0x00007ffef9dc0000 - 0x00007ffef9e03000 	C:\WINDOWS\SYSTEM32\dxcore.dll

dbghelp: loaded successfully - version: 4.0.5 - missing functions: none
symbol engine: initialized successfully - sym options: 0x614 - pdb path: .;C:\Program Files\BlueJ\jdk\bin;C:\WINDOWS\SYSTEM32;C:\WINDOWS\WinSxS\amd64_microsoft.windows.common-controls_6595b64144ccf1df_6.0.26100.8037_none_3e092faae333b53b;C:\Program Files\BlueJ\jdk\bin\server

VM Arguments:
jvm_args: -ea -agentlib:jdwp=transport=dt_shmem,address=javadebug -Dfile.encoding=UTF-8 
java_command: bluej.runtime.ExecServer UTF-8
java_class_path (initial): C:\Program Files\BlueJ\lib\bluejcore.jar;C:\Program Files\BlueJ\lib\javafx-base-23.0.2-win.jar;C:\Program Files\BlueJ\lib\javafx-controls-23.0.2-win.jar;C:\Program Files\BlueJ\lib\javafx-fxml-23.0.2-win.jar;C:\Program Files\BlueJ\lib\javafx-graphics-23.0.2-win.jar;C:\Program Files\BlueJ\lib\javafx-media-23.0.2-win.jar;C:\Program Files\BlueJ\lib\javafx-swing-23.0.2-win.jar;C:\Program Files\BlueJ\lib\javafx-web-23.0.2-win.jar;C:\Program Files\BlueJ\lib\junit-4.12.jar;C:\Program Files\BlueJ\lib\junit-jupiter-5.5.2.jar;C:\Program Files\BlueJ\lib\junit-jupiter-api-5.5.2.jar;C:\Program Files\BlueJ\lib\junit-jupiter-engine-5.5.2.jar;C:\Program Files\BlueJ\lib\junit-jupiter-params-5.5.2.jar;C:\Program Files\BlueJ\lib\junit-platform-commons-1.5.2.jar;C:\Program Files\BlueJ\lib\junit-platform-engine-1.5.2.jar;C:\Program Files\BlueJ\lib\junit-platform-launcher-1.5.2.jar;C:\Program Files\BlueJ\lib\junit-platform-suite-api-1.5.2.jar;C:\Program Files\BlueJ\lib\junit-vintage-engine-5.5.2.jar;C:\Program Files\BlueJ\lib\hamcrest-core-1.3.jar;C:\Program Files\BlueJ\lib\opentest4j-1.2.0.jar;C:\Program Files\BlueJ\lib\lang-stride.jar;C:\Program Files\BlueJ\lib\javafx\javafx.base.jar;C:\Program Files\BlueJ\lib\javafx\javafx.controls.jar;C:\Program Files\BlueJ\lib\javafx\javafx.fxml.jar;C:\Program Files\BlueJ\lib\javafx\javafx.graphics.jar;C:\Program Files\BlueJ\lib\javafx\javafx.media.jar;C:\Program Files\BlueJ\lib\javafx\javafx.properties.jar;C:\Program Files\BlueJ\lib\javafx\javafx.swing.jar;C:\Program Files\BlueJ\lib\javafx\javafx.web.jar
Launcher Type: SUN_STANDARD

[Global flags]
     intx CICompilerCount                          = 4                                         {product} {ergonomic}
     uint ConcGCThreads                            = 2                                         {product} {ergonomic}
     uint G1ConcRefinementThreads                  = 8                                         {product} {ergonomic}
   size_t G1HeapRegionSize                         = 2097152                                   {product} {ergonomic}
    uintx GCDrainStackTargetSize                   = 64                                        {product} {ergonomic}
   size_t InitialHeapSize                          = 167772160                                 {product} {ergonomic}
   size_t MarkStackSize                            = 4194304                                   {product} {ergonomic}
   size_t MaxHeapSize                              = 2652897280                                {product} {ergonomic}
   size_t MaxNewSize                               = 1591738368                                {product} {ergonomic}
   size_t MinHeapDeltaBytes                        = 2097152                                   {product} {ergonomic}
   size_t MinHeapSize                              = 8388608                                   {product} {ergonomic}
    uintx NonNMethodCodeHeapSize                   = 5839372                                {pd product} {ergonomic}
    uintx NonProfiledCodeHeapSize                  = 122909434                              {pd product} {ergonomic}
    uintx ProfiledCodeHeapSize                     = 122909434                              {pd product} {ergonomic}
    uintx ReservedCodeCacheSize                    = 251658240                              {pd product} {ergonomic}
     bool SegmentedCodeCache                       = true                                      {product} {ergonomic}
   size_t SoftMaxHeapSize                          = 2652897280                             {manageable} {ergonomic}
     bool UseCompressedOops                        = true                           {product lp64_product} {ergonomic}
     bool UseG1GC                                  = true                                      {product} {ergonomic}
     bool UseLargePagesIndividualAllocation        = false                                  {pd product} {ergonomic}

Logging:
Log output configuration:
 #0: stdout all=warning uptime,level,tags foldmultilines=false
 #1: stderr all=off uptime,level,tags foldmultilines=false

Environment Variables:
PATH=C:\Program Files\Common Files\Oracle\Java\javapath;C:\WINDOWS\system32;C:\WINDOWS;C:\WINDOWS\System32\Wbem;C:\WINDOWS\System32\WindowsPowerShell\v1.0\;C:\WINDOWS\System32\OpenSSH\;C:\Program Files\Git\cmd;C:\Users\Admin\AppData\Local\Muse Hub\lib;C:\Users\Admin\AppData\Local\Programs\Python\Python313\Scripts\;C:\Users\Admin\AppData\Local\Programs\Python\Python313\;C:\Users\Admin\AppData\Local\Programs\Python\Launcher\;C:\Users\Admin\AppData\Local\Microsoft\WindowsApps;C:\Users\Admin\AppData\Local\GitHubDesktop\bin;C:\Users\Admin\AppData\Local\Muse Hub\lib
USERNAME=Admin
OS=Windows_NT
PROCESSOR_IDENTIFIER=AMD64 Family 23 Model 24 Stepping 1, AuthenticAMD
TMP=C:\Users\Admin\AppData\Local\Temp
TEMP=C:\Users\Admin\AppData\Local\Temp




Periodic native trim disabled

---------------  S Y S T E M  ---------------

OS:
 Windows 11 , 64 bit Build 26100 (10.0.26100.7920)
OS uptime: 22 days 2:27 hours
Hyper-V role detected

CPU: total 8 (initial active 8) (8 cores per cpu, 2 threads per core) family 23 model 24 stepping 1 microcode 0x8108102, cx8, cmov, fxsr, ht, mmx, 3dnowpref, sse, sse2, sse3, ssse3, sse4a, sse4.1, sse4.2, popcnt, lzcnt, tsc, tscinvbit, avx, avx2, aes, clmul, bmi1, bmi2, adx, sha, fma, vzeroupper, clflush, clflushopt, hv, rdtscp, f16c
Processor Information for the first 8 processors :
  Max Mhz: 2100, Current Mhz: 2100, Mhz Limit: 2100

Memory: 4k page, system-wide physical 10118M (610M free)
TotalPageFile size 18955M (AvailPageFile size 1686M)
current process WorkingSet (physical memory assigned to process): 53M, peak: 56M
current process commit charge ("private bytes"): 248M, peak: 257M

vm_info: OpenJDK 64-Bit Server VM (21.0.6+7-LTS) for windows-amd64 JRE (21.0.6+7-LTS), built on 2025-01-21T00:00:00Z by "admin" with MS VC++ 17.7 (VS2022)

END.
